// Jest Snapshot v1, https://goo.gl/fbAQLP

exports[`Footer matches snapshot 1`] = `
<DocumentFragment>
  .emotion-0 {
  box-sizing: border-box;
  min-width: 0;
  border-top: 1px;
  border-color: gray.0;
  -webkit-box-pack: center;
  -ms-flex-pack: center;
  -webkit-justify-content: center;
  justify-content: center;
  padding-top: 16px;
  padding-bottom: 16px;
  display: -webkit-box;
  display: -webkit-flex;
  display: -ms-flexbox;
  display: flex;
}

<div
    class="emotion-0 emotion-1"
  />
</DocumentFragment>
`;
