// Jest Snapshot v1, https://goo.gl/fbAQLP

exports[`Code should match snapshot 1`] = `
<DocumentFragment>
  .emotion-0 {
  box-sizing: border-box;
  min-width: 0;
  padding: 16px;
}

<div
    class="prism-code language-javascript emotion-0 emotion-1"
    style="color: rgb(36, 41, 46); background-color: rgb(246, 248, 250); overflow: auto;"
  >
    <div
      class="token-line"
      style="color: rgb(36, 41, 46);"
    >
      <span
        class="token console class-name"
        style="color: rgb(227, 98, 9);"
      >
        console
      </span>
      <span
        class="token punctuation"
        style="color: rgb(36, 41, 46);"
      >
        .
      </span>
      <span
        class="token method function property-access"
        style="color: rgb(111, 66, 193);"
      >
        log
      </span>
      <span
        class="token punctuation"
        style="color: rgb(36, 41, 46);"
      >
        (
      </span>
      <span
        class="token string"
      >
        'hello world'
      </span>
      <span
        class="token punctuation"
        style="color: rgb(36, 41, 46);"
      >
        )
      </span>
    </div>
  </div>
</DocumentFragment>
`;
